// Jest Snapshot v1, https://goo.gl/fbAQLP

exports[`render Index page 1`] = `
<div>
  <div
    class="MuiBox-root css-0"
  >
    <div
      class="MuiBox-root css-1kukc4r"
    >
      <div
        style="flex: 1;"
      />
      <button
        class="MuiButtonBase-root MuiButton-root MuiButton-outlined MuiButton-outlinedPrimary MuiButton-sizeMedium MuiButton-outlinedSizeMedium MuiButton-root MuiButton-outlined MuiButton-outlinedPrimary MuiButton-sizeMedium MuiButton-outlinedSizeMedium css-1rwt2y5-MuiButtonBase-root-MuiButton-root"
        tabindex="0"
        type="button"
      >
        Atualizar
        <span
          class="MuiTouchRipple-root css-8je8zh-MuiTouchRipple-root"
        />
      </button>
    </div>
    <div
      class="MuiPaper-root MuiPaper-elevation MuiPaper-rounded MuiPaper-elevation1 MuiTableContainer-root css-11xur9t-MuiPaper-root-MuiTableContainer-root"
    >
      <table
        aria-label="collapsible table"
        class="MuiTable-root css-rqglhn-MuiTable-root"
      >
        <thead
          class="MuiTableHead-root css-15wwp11-MuiTableHead-root"
        >
          <tr
            class="MuiTableRow-root MuiTableRow-head css-1q1u3t4-MuiTableRow-root"
          >
            <th
              class="MuiTableCell-root MuiTableCell-head MuiTableCell-sizeMedium css-1ygcj2i-MuiTableCell-root"
              scope="col"
            />
            <th
              class="MuiTableCell-root MuiTableCell-head MuiTableCell-sizeMedium css-1ygcj2i-MuiTableCell-root"
              scope="col"
            >
              Produto
            </th>
            <th
              class="MuiTableCell-root MuiTableCell-head MuiTableCell-alignRight MuiTableCell-sizeMedium css-1azl6jz-MuiTableCell-root"
              scope="col"
            >
              total
            </th>
          </tr>
        </thead>
        <tbody
          class="MuiTableBody-root css-apqrd9-MuiTableBody-root"
        >
          <tr
            class="MuiTableRow-root css-16wuvdb-MuiTableRow-root"
          >
            <td
              class="MuiTableCell-root MuiTableCell-body MuiTableCell-alignCenter MuiTableCell-sizeMedium css-1yhpg23-MuiTableCell-root"
              colspan="3"
            >
              <div
                class="MuiBox-root css-1qm1lh"
              >
                <h6
                  class="MuiTypography-root MuiTypography-h6 css-2ulfj5-MuiTypography-root"
                >
                  Lista vazia
                </h6>
                <span
                  class="MuiTypography-root MuiTypography-caption css-1sn4lm3-MuiTypography-root"
                >
                  Fa√ßa o upload de uma lista de produtos.
                </span>
              </div>
              <div>
                <input
                  accept="text/plain"
                  id="contained-button-file"
                  style="display: none;"
                  type="file"
                />
                <label
                  for="contained-button-file"
                >
                  <span
                    class="MuiButtonBase-root MuiButton-root MuiLoadingButton-root MuiButton-contained MuiButton-containedPrimary MuiButton-sizeMedium MuiButton-containedSizeMedium MuiButton-root MuiLoadingButton-root MuiButton-contained MuiButton-containedPrimary MuiButton-sizeMedium MuiButton-containedSizeMedium css-1twrztz-MuiButtonBase-root-MuiButton-root-MuiLoadingButton-root"
                    id=":r0:"
                    role="button"
                    tabindex="0"
                  >
                    Upload
                    <span
                      class="MuiTouchRipple-root css-8je8zh-MuiTouchRipple-root"
                    />
                  </span>
                </label>
              </div>
            </td>
          </tr>
        </tbody>
      </table>
    </div>
  </div>
</div>
`;
