// Jest Snapshot v1, https://goo.gl/fbAQLP

exports[`CollapsibleRow renders component 1`] = `
<div>
  <tr
    class="MuiTableRow-root css-2blr9s-MuiTableRow-root"
  >
    <td
      class="MuiTableCell-root MuiTableCell-sizeMedium css-bsph2u-MuiTableCell-root"
    >
      <button
        class="MuiButtonBase-root MuiIconButton-root MuiIconButton-sizeSmall css-1pe4mpk-MuiButtonBase-root-MuiIconButton-root"
        data-testid="expandButton"
        tabindex="0"
        type="button"
      >
        <svg
          aria-hidden="true"
          class="MuiSvgIcon-root MuiSvgIcon-fontSizeMedium css-i4bv87-MuiSvgIcon-root"
          data-testid="KeyboardArrowDownIcon"
          focusable="false"
          viewBox="0 0 24 24"
        >
          <path
            d="M7.41 8.59 12 13.17l4.59-4.58L18 10l-6 6-6-6 1.41-1.41z"
          />
        </svg>
        <span
          class="MuiTouchRipple-root css-8je8zh-MuiTouchRipple-root"
        />
      </button>
    </td>
    <th
      class="MuiTableCell-root MuiTableCell-sizeMedium css-bsph2u-MuiTableCell-root"
      scope="row"
    >
      CURSO DE BEM-ESTAR
    </th>
    <td
      class="MuiTableCell-root MuiTableCell-alignRight MuiTableCell-sizeMedium css-r7oxtk-MuiTableCell-root"
    >
      R$Â 25.000,00
    </td>
  </tr>
  <tr
    class="MuiTableRow-root css-1q1u3t4-MuiTableRow-root"
  >
    <td
      class="MuiTableCell-root MuiTableCell-sizeMedium css-bsph2u-MuiTableCell-root"
      colspan="6"
      style="padding-bottom: 0px; padding-top: 0px;"
    />
  </tr>
</div>
`;
